CREATE EXTENSION fhir_jsonb;
set escape_string_warning=off;
select count(*)
from patients;
 count 
-------
   100
(1 row)

select count(*)
from encounters;
 count 
-------
  1000
(1 row)

select count(*)
from observations;
 count 
-------
 10000
(1 row)

